[
  {
    "context": undefined,
    "message": "Hello World!",
    "plural": "Hello Worlds!",
  },
  {
    "context": undefined,
    "message": "Hello

    

    World!",
    "plural": "Hello Worlds!",
  },
  {
    "context": undefined,
    "message": "Hello World!",
    "plural": "Hello Worlds!",
  },
]